Script started on 2025-03-10 12:57:27+01:00 [TERM="xterm-256color" TTY="/dev/pts/4" COLUMNS="87" LINES="9"]
ITINF24/lektion10
$ /bin/python3 /shared/kent/Documents/nackademin/python/py-live/ITINF24/lektion10/pathlib_path2.py
ITINF24/lektion10
$ /bin/python3 /shared/kent/Documents/nackademin/python/py-live/ITINF24/lektion10/pathlib_path2.py
Tryck enter för att ta bort filen igen
ITINF24/lektion10
$ /bin/python3 /shared/kent/Documents/nackademin/python/py-live/ITINF24/lektion10/pathlib_path2.py
Tryck enter för att ta bort filen igen
Traceback (most recent call last):
  File "/shared/kent/Documents/nackademin/python/py-live/ITINF24/lektion10/pathlib_path2.py", line 12, in <module>
    file_path.unlink()
  File "/usr/lib/python3.11/pathlib.py", line 1148, in unlink
    os.unlink(self)
FileNotFoundError: [Errno 2] No such file or directory: '/shared/kent/Documents/nackademin/python/py-live/ITINF24/lektion10/file_from_pathlib.txt'
ITINF24/lektion10
$ /bin/python3 /shared/kent/Documents/nackademin/python/py-live/ITINF24/lektion10/pathlib_path3.py
Tryck enter för att ta bort filen igen
Någon annan har visst tagit bort filen
ITINF24/lektion10
$ /bin/python3 /shared/kent/Documents/nackademin/python/py-live/ITINF24/lektion10/glob.py
cwd /shared/kent/Documents/nackademin/python/py-live/ITINF24/lektion10
cwd /shared/kent/Documents/nackademin/python/py-live/ITINF24/lektion10
ITINF24/lektion10
$ /bin/python3 /shared/kent/Documents/nackademin/python/py-live/ITINF24/lektion10/glob.py
Traceback (most recent call last):
  File "/shared/kent/Documents/nackademin/python/py-live/ITINF24/lektion10/glob.py", line 1, in <module>
    import glob
  File "/shared/kent/Documents/nackademin/python/py-live/ITINF24/lektion10/glob.py", line 10, in <module>
    result = glob.glob("*.txt")
             ^^^^^^^^^^^^^^^^^^
TypeError: 'module' object is not callable
ITINF24/lektion10
$ /bin/python3 /shared/kent/Documents/nackademin/python/py-live/ITINF24/lektion10/glob1.py
cwd /shared/kent/Documents/nackademin/python/py-live/ITINF24/lektion10
result ['langfil.txt', 'produkter.txt', 'nummer.txt']
ITINF24/lektion10
$ /bin/python3 /shared/kent/Documents/nackademin/python/py-live/ITINF24/lektion10/glob1.py
cwd /shared/kent/Documents/nackademin/python/py-live/ITINF24/lektion10
result1 ['langfil.txt', 'produkter.txt', 'nummer.txt']
result2 ['pathlib_path1.py', 'read_write2.py', 'csv1.py', 'read_write4.py', 'os_path1.py', 'json_read2.py', 'glob1.py', 'read_open4.py', 'json_read.py', 'pathlib_path3.py', 'class1.py', 'pathlib_path2.py', 'read_write1.py', 'read_open3.py', 'pwd.py', 'json_shopping.py', 'read_open2.py', 'read_write3.py', 'read_open1.py']
ITINF24/lektion10
$ ITINF24/lektion10
$ /bin/python3 /shared/kent/Documents/nackademin/python/py-live/ITINF24/lektion10/glob1.py
/bin/python3 /shared/kent/Documents/nackademin/python/py-live/ITINF24/lektion10/glob1.py
cwd /shared/kent/Documents/nackademin/python/py-live/ITINF24/lektion10
result1 ['langfil.txt', 'produkter.txt', 'nummer.txt']
result2 ['pathlib_path1.py', 'read_write2.py', 'csv1.py', 'read_write4.py', 'os_path1.py', 'json_read2.py', 'glob1.py', 'read_open4.py', 'json_read.py', 'pathlib_path3.py', 'class1.py', 'pathlib_path2.py', 'read_write1.py', 'read_open3.py', 'pwd.py', 'json_shopping.py', 'read_open2.py', 'read_write3.py', 'read_open1.py']
ITINF24/lektion10
$ ITINF24/lektion10
$ /bin/python3 /shared/kent/Documents/nackademin/python/py-live/ITINF24/lektion10/glob1.py
cwd /shared/kent/Documents/nackademin/python/py-live/ITINF24/lektion10
result1 ['langfil.txt', 'produkter.txt', 'nummer.txt']
result2 ['pathlib_path1.py', 'read_write2.py', 'csv1.py', 'read_write4.py', 'os_path1.py', 'json_read2.py', 'glob1.py', 'read_open4.py', 'json_read.py', 'pathlib_path3.py', 'class1.py', 'pathlib_path2.py', 'read_write1.py', 'read_open3.py', 'pwd.py', 'json_shopping.py', 'read_open2.py', 'read_write3.py', 'read_open1.py']
ITINF24/lektion10
$ ITINF24/lektion10
$ /bin/python3 /shared/kent/Documents/nackademin/python/py-live/ITINF24/lektion10/glob1.py
cwd /shared/kent/Documents/nackademin/python/py-live/ITINF24/lektion10
result1 ['langfil.txt', 'produkter.txt', 'nummer.txt']
result2 ['pathlib_path1.py', 'read_write2.py', 'csv1.py', 'read_write4.py', 'os_path1.py', 'json_read2.py', 'glob1.py', 'read_open4.py', 'json_read.py', 'pathlib_path3.py', 'class1.py', 'pathlib_path2.py', 'read_write1.py', 'read_open3.py', 'pwd.py', 'json_shopping.py', 'read_open2.py', 'read_write3.py', 'read_open1.py', 'underkat/intemig.py']
ITINF24/lektion10
$ ITINF24/lektion10
$ /bin/python3 /shared/kent/Documents/nackademin/python/py-live/ITINF24/lektion10/glob1.py
cwd /shared/kent/Documents/nackademin/python/py-live/ITINF24/lektion10
result1 ['langfil.txt', 'produkter.txt', 'nummer.txt']
result2 ['underkat/intemig.py']
ITINF24/lektion10
$ ITINF24/lektion10
$ python33 args1.py 
['args1.py']
ITINF24/lektion10
$ touch args1.bash
ITINF24/lektion10
$ code ar
gs1.bash 
ITINF24/lektion10
$ bash ar
gs1..
bash ITINF24/lektion10
$ bash args1.bash 
args1.bash
ITINF24/lektion10
$ bash args1.bash ITINF24/lektion10
$ bash args1.bash 

ITINF24/lektion10
$ bash args1.bash eioej
eioej
ITINF24/lektion10
$ ITINF24/lektion10
$ bash args1.bash eioej
args1.bash
ITINF24/lektion10
python3 args1.py ITINF24/lektion10
$ python3 args1.py hello world
['args1.py', 'hello', 'world']
ITINF24/lektion10
$ python3 args1.py hello worldITINF24/lektion10
$ python3 args1.py hello world"









['args1.py', 'hello world']
ITINF24/lektion10
$ python3 args1.py "hello world"ITINF24/lektion10
$ python3 args1.py "hello world" "hellooooo"
['args1.py', 'hello world', 'hellooooo']
ITINF24/lektion10
$ python3 args1.py "hello world" "hellooooocat.pyITINF24/lektion10
$ python3 cat.py "hello world" "hellooooo












Ange en fil som argument!
ITINF24/lektion10
$ python3 cat.py "hello world" "helloooooITINF24/lektion10
$ python3 cat.py
Ange en fil som argument!
ITINF24/lektion10
$ python3 cat.py "hello"
['cat.py', 'hello']
ITINF24/lektion10
$ python3 cat.py "hello"[
