Script started on 2025-03-13 09:14:50+01:00 [TERM="xterm-256color" TTY="/dev/pts/6" COLUMNS="92" LINES="8"]
[?2004h[94mITINF24/lektion12
(B[m$ git checkout main[H[2J[94mITINF24/lektion12
(B[m$ git checkout main[K[K[K[K[K[K[K[K[K[K[K[K[Kstatus
[?2004lOn branch 250313
Your branch is up to date with 'origin/250313'.

nothing to commit, working tree clean
[?2004h[94mITINF24/lektion12
(B[m$ [H[2J[94mITINF24/lektion12
(B[m$ bin/reset ^C[?2004l[?2004h[?2004l
[?2004h[94mITINF24/lektion12
(B[m$ git push
[?2004lEverything up-to-date
[?2004h[94mITINF24/lektion12
(B[m$ [H[2J[94mITINF24/lektion12
(B[m$ git pull[K[K[K[Kbranch[H[2J[94mITINF24/lektion12
(B[m$ git branch
[?2004l[?1h=  250312[m[m
* [32m250313[m[m
  main[m[m
[K[?1l>[?2004h[94mITINF24/lektion12
(B[m$ bin/reset ^C[?2004l[?2004h[?2004l
[?2004h[94mITINF24/lektion12
(B[m$ [H[2J[94mITINF24/lektion12
(B[m$ bin/reset   ^C[?2004l[?2004h[?2004l
[?2004h[94mITINF24/lektion12
(B[m$ code bin/ds[Ka[K[K[K[K[K[K[K[K[K[K[Kcd ..
[?2004l[?2004h[94mITINF24 (B[m$ cd ..
[?2004l[?2004h[94m(B[m$ [H[2J[94m(B[m$ code bin/[K[K[K[K[K[K[K[K[Kbin/educator --edit
[?2004lcreated directory '/tmp/educator-save-1741853968-mJX/.vscode'
copied '/shared/kent/Documents/nackademin/python/py-live/.vscode/extensions.json' -> '/tmp/educator-save-1741853968-mJX/.vscode/extensions.json'
copied '/shared/kent/Documents/nackademin/python/py-live/.vscode/tasks.json' -> '/tmp/educator-save-1741853968-mJX/.vscode/tasks.json'
copied '/shared/kent/Documents/nackademin/python/py-live/.vscode/settings.json' -> '/tmp/educator-save-1741853968-mJX/.vscode/settings.json'
removed '/shared/kent/Documents/nackademin/python/py-live/.vscode/extensions.json'
removed '/shared/kent/Documents/nackademin/python/py-live/.vscode/settings.json'
removed '/shared/kent/Documents/nackademin/python/py-live/.vscode/tasks.json'
removed directory '/shared/kent/Documents/nackademin/python/py-live/.vscode'
copied '/shared/kent/Documents/nackademin/python/py-live/.shellcheckrc' -> '/tmp/educator-save-1741853968-mJX/.shellcheckrc'
removed '/shared/kent/Documents/nackademin/python/py-live/.shellcheckrc'
copied '/shared/kent/Documents/nackademin/python/py-live/.gitignore' -> '/tmp/educator-save-1741853968-mJX/.gitignore'
removed '/shared/kent/Documents/nackademin/python/py-live/.gitignore'
ln (hard) '/shared/kent/Documents/nackademin/python/py-live/.gitignore' => '/shared/kent/Documents/nackademin/python/py-live/.profiles/educator/dot_gitignore'
ln '/shared/kent/Documents/nackademin/python/py-live/.vscode/extensions.json' -> '../.profiles/educator/dot_vscode/extensions.json'
ln '/shared/kent/Documents/nackademin/python/py-live/.vscode/tasks.json' -> '../.profiles/educator/dot_vscode/tasks.json'
ln '/shared/kent/Documents/nackademin/python/py-live/.shellcheckrc' -> '.profiles/educator/dot_shellcheckrc'
ln '/shared/kent/Documents/nackademin/python/py-live/.vscode/settings.json' -> '../.profiles/educator_edit/dot_vscode/settings.json'
cp '/shared/kent/Documents/nackademin/python/py-live/.profiles/educator/dot_vscode/tasks.json' -> '/shared/kent/Documents/nackademin/python/py-live/.vscode/tasks.json'
[?2004h[94m(B[m$ [K[94m(B[m$ [K[94m(B[m$ bin/educator --edit[K[K[K[K[K[K[K
[?2004l
Utbildarläget skriver över filer och inställningar som då går förlorade. Det gör det även svårare 
att hänga med "live" eftersom det blir möjligt att ändra filer, vilka kan orsaka konflikter när du 
hämtar uppdateringar. 

Är du säker på att du vill slå på utbildarläget? (j/N)  j
created directory '/tmp/educator-save-1741854155-5Wk/.vscode'
copied '/shared/kent/Documents/nackademin/python/py-live/.vscode/extensions.json' -> '/tmp/educator-save-1741854155-5Wk/.vscode/extensions.json'
copied '/shared/kent/Documents/nackademin/python/py-live/.vscode/settings.json' -> '/tmp/