Script started on 2025-03-13 10:22:20+01:00 [TERM="xterm-256color" TTY="/dev/pts/0" COLUMNS="92" LINES="5"]
ITINF24/lektion12
y /bin/python3 /shared/kent/Documents/nackademin/python/py-live/ITINF24/lektion12/syspath.py 
['/shared/kent/Documents/nackademin/python/py-live/ITINF24/lektion12', '/usr/lib/python311.zip', '/usr/lib/python3.11', '/usr/lib/python3.11/lib-dynload', '/usr/local/lib/python3.11/dist-packages', '/usr/lib/python3/dist-packages', '/usr/lib/python3.11/dist-packages']
ITINF24/lektion12
$ ITINF24/lektion12
$ pytohhon 3 syspath.py 
['/shared/kent/Documents/nackademin/python/py-live/ITINF24/lektion12', '/usr/lib/python311.zip', '/usr/lib/python3.11', '/usr/lib/python3.11/lib-dynload', '/usr/local/lib/python3.11/dist-packages', '/usr/lib/python3/dist-packages', '/usr/lib/python3.11/dist-packages']
ITINF24/lektion12
$ cd ..
ITINF24 $ cd .python3 syspath.py ITINF24 $ python3 syspath.pylek
tion12/sts
yspath.py 
['/shared/kent/Documents/nackademin/python/py-live/ITINF24/lektion12', '/usr/lib/python311.zip', '/usr/lib/python3.11', '/usr/lib/python3.11/lib-dynload', '/usr/local/lib/python3.11/dist-packages', '/usr/lib/python3/dist-packages', '/usr/lib/python3.11/dist-packages']
ITINF24 $ python3 lektion12/syspath.py ITINF24 $ python3 lektion12/syspath.py 
['/shared/kent/Documents/nackademin/python/py-live/ITINF24/lektion12', '/usr/lib/python311.zip', '/usr/lib/python3.11', '/usr/lib/python3.11/lib-dynload', '/usr/local/lib/python3.11/dist-packages', '/usr/lib/python3/dist-packages', '/usr/lib/python3.11/dist-packages', '/etc']
ITINF24 $ mkdir /tmp/minmodd
ITINF24 $ echo 'print("HELLO FROM MINM<ODDODD") > /tmp/minmodd/middeodden.py
python3 lektion12/syspath.py ITINF24 $ python3 lektion12/syspath.py y
Traceback (most recent call last):
  File "/shared/kent/Documents/nackademin/python/py-live/ITINF24/lektion12/syspath.py", line 3, in <module>
    import modden
ModuleNotFoundError: No module named 'modden'
ITINF24 $ echhoch)`':e': python3 lektion12/syspath.pc': echo 'print("HELLO FROM MINMODD")' > /tmp/minmodd/modden.py





  ^C
python3 lektion12/syspath.py ITINF24 $ python3 lektion12/syspath.py 
HELLO FROM MINMODD
['/shared/kent/Documents/nackademin/python/py-live/ITINF24/lektion12', '/usr/lib/python311.zip', '/usr/lib/python3.11', '/usr/lib/python3.11/lib-dynload', '/usr/local/lib/python3.11/dist-packages', '/usr/lib/python3/dist-packages', '/usr/lib/python3.11/dist-packages', '/tmp/minmodd']
ITINF24 $ ITINF24 $ echo Â$PATH 
lektioYDEVD_DISABLE_FILE_VALIDATION 
lektioTHONPATH

python3 lektion12/syspath.pyPYTHONPATH=/tmp/m,inmodd







ITINF24 $ PYTHONPATH=/tmp/minmodd python3 lektion12/syspath.py 
python3: can't open file '/shared/kent/Documents/nackademin/python/py-live/ITINF24/lektion12/syspath.py': [Errno 2] No such file or directory
ITINF24 $ PYTHONPATH=/tmp/minmodd python3 lektion12/syspath.py2ITINF24 $ PYTHONPATH=/tmp/minmodd python3 lektion12/syspath2.py
HELLO FROM MINMODD
['/shared/kent/Documents/nackademin/python/py-live/ITINF24/lektion12', '/tmp/minmodd', '/usr/lib/python311.zip', '/usr/lib/python3.11', '/usr/lib/python3.11/lib-dynload', '/usr/local/lib/python3.11/dist-packages', '/usr/lib/python3/dist-packages', '/usr/lib/python3.11/dist-packages']
ITINF24 $ ITINF24 $ python3
Python 3.11.2 (main, Nov 30 2024, 21:22:50) [GCC 12.2.0] on linux
Type "help", "copyright", "credits" or "license" for more information.
>>> print("hej")
hej
>>> >>> import sys
>>> 
>>> print(sys.

sys.abiflags                               sys.hash_info
sys.addaudithook(                          sys.hexversion
sys.api_version                            sys.implementation
sys.argv                                   sys.int_info
sys.audit(                                 sys.intern(
sys.base_exec_prefix                       sys.is_finalizing()
sys.base_prefix                            sys.maxsize
sys.breakpointhook(                        sys.maxunicode
sys.builtin_module_names                   sys.meta_path
sys.byteorder                              sys.modules
sys.call_tracing(                          sys.orig_argv
sys.copyright                              sys.path
sys.displayhook(                           sys.path_hooks
sys.dont_write_bytecode                    sys.path_importer_cache
sys.exc_info()                             sys.platform
sys.excepthook(                            sys.platlibdir
sys.exception()                            sys.prefix
sys.exec_prefix                            sys.ps1
sys.executable                             sys.ps2
sys.exit(                                  sys.pycache_prefix
sys.flags                                  sys.set_asyncgen_hooks(
sys.float_info                             sys.set_coroutine_origin_tracking_depth(
sys.float_repr_style                       sys.set_int_max_str_digits(
sys.get_asyncgen_hooks()                   sys.setdlopenflags(
sys.get_coroutine_origin_tracking_depth()  sys.setprofile(
sys.get_int_max_str_digits()               sys.setrecursionlimit(
sys.getallocatedblocks()                   sys.setswitchinterval(
sys.getdefaultencoding()                   sys.settrace(
sys.getdlopenflags()                       sys.stderr
sys.getfilesystemencodeerrors()            sys.stdin
sys.getfilesystemencoding()                sys.stdlib_module_names
sys.getprofile()                           sys.stdout
sys.getrecursionlimit()                    sys.thread_info
sys.getrefcount(                           sys.unraisablehook(
sys.getsizeof(                             sys.version
sys.getswitchinterval()                    sys.version_info
sys.gettrace()                             sys.warnoptions
>>> print(sys.
pl
atform)>>> print(sys.platform)
linux
>>> 
ITINF24 $ ITINF24 $ ls
lektion1   lektion11  lektion2	lektion5  lektion7
lektion10  lektion12  lektion4	lektion6  lektion9
ITINF24 $ cd lek
tion12/
ITINF24/lektion12
$ ITINF24/lektion12
$ ls
doctests  ex_import_vs_script  recordings  syspath
ITINF24/lektion12
$ cd doctests/
ITINF24/lektion12/doctests
$ ITINF24/lektion12/doctests
$ ls
greet.py
ITINF24/lektion12/doctests
$ python3 greet.py ITINF24/lektion12/doctests
$ python3 greet.py 
**********************************************************************
File "/shared/kent/Documents/nackademin/python/py-live/ITINF24/lektion12/doctests/greet.py", line 8, in __main__.greet
Failed example:
    greet("Urban")
Expected:
    Hello Urban!
Got:
    'Hello Urban!'
**********************************************************************
1 items had failures:
   1 of   1 in __main__.greet
***Test Failed*** 1 failures.
ITINF24/lektion12/doctests
$ python3 greet.py ITINF24/lektion12/doctests
$ python3 greet.py 
ITINF24/lektion12/doctests
$ ITINF24/lektion12/doctests
$ python3 greet.py 
**********************************************************************
File "/shared/kent/Documents/nackademin/python/py-live/ITINF24/lektion12/doctests/greet.py", line 11, in __main__.greet
Failed example:
    greet()
Expected:
    'Hello stranger things!'
Got:
    'Hello stranger!'
**********************************************************************
1 items had failures:
   1 of   2 in __main__.greet
***Test Failed*** 1 failures.
ITINF24/lektion12/doctests
$ python3 greet.py ITINF24/lektion12/doctests
$ python3 greet.py 
ITINF24/lektion12/doctests
$ python3 greet.py ITINF24/lektion12/doctests
$ python3 greet.py 
ITINF24/lektion12/doctests
$ python3 greet.py 
ITINF24/lektion12/doctests
python3 greet.py2ITINF24/lektion12/doctests
$ python3 greet2.pyITINF24/lektion12/doctests
$ python3 greet2.py
Trying:
    greet("Urban")
Expecting:
    'Hello Urban!'
ok
Trying:
    greet()
Expecting:
    'Hello stranger!!'
**********************************************************************
File "/shared/kent/Documents/nackademin/python/py-live/ITINF24/lektion12/doctests/greet2.py", line 11, in __main__.greet
Failed example:
    greet()
Expected:
    'Hello stranger!!'
Got:
    'Hello stranger!'
1 items had no tests:
    __main__
**********************************************************************
1 items had failures:
   1 of   2 in __main__.greet
2 tests in 2 items.
1 passed and 1 failed.
***Test Failed*** 1 failures.
ITINF24/lektion12/doctests
$ python3 greet2.py ITINF24/lektion12/doctests
$ python3 greet2.py3
ITINF24/lektion12/doctests
$ python3 greet3.pyITINF24/lektion12/doctests
$ python3 greet3.py
Trying:
    greet("Urban")
Expecting:
    'Hello Urban!'
ok
Trying:
    greet()
Expecting:
    'Hello stranger!!'
**********************************************************************
File "/shared/kent/Documents/nackademin/python/py-live/ITINF24/lektion12/doctests/greet3.py", line 11, in __main__.greet
Failed example:
    greet()
Expected:
    'Hello stranger!!'
Got:
    'Hello stranger!'
Trying:
    upperize("hello")
Expecting:
    'HELLO'
ok
1 items had no tests:
    __main__
1 items passed all tests:
   1 tests in __main__.upperize
**********************************************************************
1 items had failures:
   1 of   2 in __main__.greet
3 tests in 3 items.
2 passed and 1 failed.
***Test Failed*** 1 failures.
ITINF24/lektion12/doctests
$ python3 greet3.pyITINF24/lektion12/doctests
$ python3 greet3.py
Trying:
    upperize(greet())
Expecting:
    'HELLO STRANGER!'
ok
Trying:
    greet("Urban")
Expecting:
    'Hello Urban!'
ok
Trying:
    greet()
Expecting:
    'Hello stranger!'
ok
Trying:
    upperize("hello")
Expecting:
    'HELLO'
ok
3 items passed all tests:
   1 tests in __main__
   2 tests in __main__.greet
   1 tests in __main__.upperize
4 tests in 3 items.
4 passed and 0 failed.
Test passed.
ITINF24/lektion12/doctests
$ python3 greet3.py^C
ITINF24/lektion12/doctests
$ ITINF24/lektion12/doctests
$ cd ..
ITINF24/lektion12
$ ITINF24/lektion12
$ ls
cat_years.py  doctests	ex_import_vs_script  recordings  syspath
ITINF24/lektion12
$ fold cat_years.py 
The first year of your cat's life is considered the equivalent of 15 human years
. The second year adds nine more human years, so 2 cat years are approximately 2
4 human years. After this, each additional human year is four â€œcat yearsâ€ i.
e., age 3 will be 28 human years.7'
ITINF24/lektion12
$ fold cat_years.py -w 30
The first year of your cat's l
ife is considered the equivale
nt of 15 human years. The seco
nd year adds nine more human y
ears, so 2 cat years are appro
ximately 24 human years. After
 this, each additional human y
ear is four â€œcat yearsâ€ i.
e., age 3 will be 28 human yea
rs.7'
ITINF24/lektion12
$ fold cat_years.py -w 30 -s
The first year of your cat's 
life is considered the 
equivalent of 15 human years. 
The second year adds nine 
more human years, so 2 cat 
years are approximately 24 
human years. After this, each 
additional human year is four 
â€œcat yearsâ€ i.e., age 3 
will be 28 human years.7'
ITINF24/lektion12
$ fold cat_years.py -w 30 - - -2 -5 -ITINF24/lektion12
$ fold cat_years.py -w 25 -
The first year of your 
cat's life is considered 
the equivalent of 15 
human years. The second 
year adds nine more 
human years, so 2 cat 
years are approximately 
24 human years. After 
this, each additional 
human year is four 
â€œcat yearsâ€ i.e., 
age 3 will be 28 human 
years.7'
ITINF24/lektion12
$ fold cat_years.py -w 25 - - -3 -0 -
The first year of your cat's 
life is considered the 
equivalent of 15 human years. 
The second year adds nine 
more human years, so 2 cat 
years are approximately 24 
human years. After this, each 
additional human year is four 
â€œcat yearsâ€ i.e., age 3 
will be 28 human years.7'
ITINF24/lektion12
$ python3 ITINF24/lektion12
$ python3








cd unittest/
ITINF24/lektion12/unittest
$ python3 ITINF24/lektion12/unittest
$ python3 cat_m
ath_test.py 
.
----------------------------------------------------------------------
Ran 1 test in 0.000s

OK
ITINF24/lektion12/unittest
$ python3 cat_math_test.py ITINF24/lektion12/unittest
$ python3 cat_math_test.py 
test_upper (__main__.TestStringMethods.test_upper) ... ok

----------------------------------------------------------------------
Ran 1 test in 0.000s

OK
ITINF24/lektion12/unittest
$ python3 cat_math_test.py ITINF24/lektion12/unittest
$ python3 cat_math_test.py 
test_one (__main__.TestStringMethods.test_one) ... FAIL

======================================================================
FAIL: test_one (__main__.TestStringMethods.test_one)
----------------------------------------------------------------------
Traceback (most recent call last):
  File "/shared/kent/Documents/nackademin/python/py-live/ITINF24/lektion12/unittest/cat_math_test.py", line 8, in test_one
    self.assertEqual(htc(1), 15)
AssertionError: None != 15

----------------------------------------------------------------------
Ran 1 test in 0.001s

FAILED (failures=1)
ITINF24/lektion12/unittest
$ python3 cat_math_test.py ITINF24/lektion12/unittest
$ python3 cat_math_test.py 
test_one (__main__.TestStringMethods.test_one) ... ok

----------------------------------------------------------------------
Ran 1 test in 0.000s

OK
ITINF24/lektion12/unittest
$ python3 cat_math_test.py ITINF24/lektion12/unittest
$ python3 cat_math_test.py 
test_one (__main__.TestStringMethods.test_one) ... ok
test_two (__main__.TestStringMethods.test_two) ... FAIL

======================================================================
FAIL: test_two (__main__.TestStringMethods.test_two)
----------------------------------------------------------------------
Traceback (most recent call last):
  File "/shared/kent/Documents/nackademin/python/py-live/ITINF24/lektion12/unittest/cat_math_test.py", line 11, in test_two
    self.assertEqual(htc(2), 24)
AssertionError: 15 != 24

----------------------------------------------------------------------
Ran 2 tests in 0.001s

FAILED (failures=1)
ITINF24/lektion12/unittest
$ python3 cat_math_test.py ITINF24/lektion12/unittest
$ python3 cat_math_test.py 
test_one (__main__.TestStringMethods.test_one) ... ok
test_two (__main__.TestStringMethods.test_two) ... ok

----------------------------------------------------------------------
Ran 2 tests in 0.000s

OK
ITINF24/lektion12/unittest
$ ITINF24/lektion12/unittest
$ python3 cat_math_test.py 
test_one (__main__.TestStringMethods.test_one) ... ok
test_three (__main__.TestStringMethods.test_three) ... FAIL
test_two (__main__.TestStringMethods.test_two) ... ok

======================================================================
FAIL: test_three (__main__.TestStringMethods.test_three)
----------------------------------------------------------------------
Traceback (most recent call last):
  File "/shared/kent/Documents/nackademin/python/py-live/ITINF24/lektion12/unittest/cat_math_test.py", line 14, in test_three
    self.assertEqual(htc(3), 28)
AssertionError: 24 != 28

----------------------------------------------------------------------
Ran 3 tests in 0.001s

FAILED (failures=1)
ITINF24/lektion12/unittest
$ python3 cat_math_test.py ITINF24/lektion12/unittest
$ python3 cat_math_test.py 
test_one (__main__.TestStringMethods.test_one) ... ok
test_three (__main__.TestStringMethods.test_three) ... ok
test_two (__main__.TestStringMethods.test_two) ... ok

----------------------------------------------------------------------
Ran 3 tests in 0.000s

OK
ITINF24/lektion12/unittest
$ ITINF24/lektion12/unittest
$ ls
cat_math.py  cat_math_test.py  cat_years_definition.txt  __pycache__
ITINF24/lektion12/unittest
$ cp ca
t_m
ath.py cat
_m
ath_test.pyfprorxin







; cp $x 1_$x; dondo ITINF24/lektion12/unittest
$ for x in cat_math.py cat_math_test.py; do cp $x 1_$x; don
ITINF24/lektion12/unittest
$ ITINF24/lektion12/unittest
$ ls
1_cat_math.py	    cat_math.py       cat_years_definition.txt
1_cat_math_test.py  cat_math_test.py  __pycache__
ITINF24/lektion12/unittest
$ ITINF24/lektion12/unittest
lspython3 cat_math_test.py ITINF24/lektion12/unittest$x; done
$ python3 cat_math_test.py 
test_one (__main__.TestStringMethods.test_one) ... ok
test_three (__main__.TestStringMethods.test_three) ... ok
test_two (__main__.TestStringMethods.test_two) ... ok

----------------------------------------------------------------------
Ran 3 tests in 0.000s

OK
ITINF24/lektion12/unittest
$ ITINF24/lektion12/unittest
$ python3 cat_math_test.py ITINF24/lektion12/unittest
$ python3 cat_math_test.py 
test_four (__main__.TestStringMethods.test_four) ... FAIL
test_one (__main__.TestStringMethods.test_one) ... ok
test_three (__main__.TestStringMethods.test_three) ... ok
test_two (__main__.TestStringMethods.test_two) ... ok

======================================================================
FAIL: test_four (__main__.TestStringMethods.test_four)
----------------------------------------------------------------------
Traceback (most recent call last):
  File "/shared/kent/Documents/nackademin/python/py-live/ITINF24/lektion12/unittest/cat_math_test.py", line 17, in test_four
    self.assertEqual(htc(4), 32)
AssertionError: 28 != 32

----------------------------------------------------------------------
Ran 4 tests in 0.001s

FAILED (failures=1)
ITINF24/lektion12/unittest
$ python3 cat_math_test.py ITINF24/lektion12/unittest
$ python3 cat_math_test.py 
test_four (__main__.TestStringMethods.test_four) ... ok
test_one (__main__.TestStringMethods.test_one) ... ok
test_three (__main__.TestStringMethods.test_three) ... ok
test_two (__main__.TestStringMethods.test_two) ... ok

----------------------------------------------------------------------
Ran 4 tests in 0.000s

OK
ITINF24/lektion12/unittest
$ ITINF24/lektion12/unittest
$ python3 cat_math_test.py ITINF24/lektion12/unittest
$ python3 cat_math_test.py 
test_four (__main__.TestStringMethods.test_four) ... ok
test_one (__main__.TestStringMethods.test_one) ... ok
test_three (__main__.TestStringMethods.test_three) ... ok
test_two (__main__.TestStringMethods.test_two) ... ok

----------------------------------------------------------------------
Ran 4 tests in 0.000s

OK
ITINF24/lektion12/unittest
$ python3 cat_math_test.py ITINF24/lektion12/unittest
$ python3 cat_math_test.py 
test_four (__main__.TestStringMethods.test_four) ... FAIL
test_one (__main__.TestStringMethods.test_one) ... ok
test_three (__main__.TestStringMethods.test_three) ... FAIL
test_two (__main__.TestStringMethods.test_two) ... FAIL

======================================================================
FAIL: test_four (__main__.TestStringMethods.test_four)
----------------------------------------------------------------------
Traceback (most recent call last):
  File "/shared/kent/Documents/nackademin/python/py-live/ITINF24/lektion12/unittest/cat_math_test.py", line 17, in test_four
    self.assertEqual(htc(4), 32)
AssertionError: 40 != 32

======================================================================
FAIL: test_three (__main__.TestStringMethods.test_three)
----------------------------------------------------------------------
Traceback (most recent call last):
  File "/shared/kent/Documents/nackademin/python/py-live/ITINF24/lektion12/unittest/cat_math_test.py", line 14, in test_three
    self.assertEqual(htc(3), 28)
AssertionError: 36 != 28

======================================================================
FAIL: test_two (__main__.TestStringMethods.test_two)
----------------------------------------------------------------------
Traceback (most recent call last):
  File "/shared/kent/Documents/nackademin/python/py-live/ITINF24/lektion12/unittest/cat_math_test.py", line 11, in test_two
    self.assertEqual(htc(2), 24)
AssertionError: 32 != 24

----------------------------------------------------------------------
Ran 4 tests in 0.001s

FAILED (failures=3)
ITINF24/lektion12/unittest
$ python3 cat_math_test.py ITINF24/lektion12/unittest
$ python3 cat_math_test.py 
test_four (__main__.TestStringMethods.test_four) ... ok
test_one (__main__.TestStringMethods.test_one) ... ok
test_three (__main__.TestStringMethods.test_three) ... ok
test_two (__main__.TestStringMethods.test_two) ... ok

----------------------------------------------------------------------
Ran 4 tests in 0.000s

OK
ITINF24/lektion12/unittest
$ python3 cat_math_test.py ITINF24/lektion12/unittest
$ python3 cat_math_test.py 
test_eighteen (__main__.TestStringMethods.test_eighteen) ... ok
test_four (__main__.TestStringMethods.test_four) ... ok
test_one (__main__.TestStringMethods.test_one) ... ok
test_three (__main__.TestStringMethods.test_three) ... ok
test_two (__main__.TestStringMethods.test_two) ... ok

----------------------------------------------------------------------
Ran 5 tests in 0.001s

OK
ITINF24/lektion12/unittest
$ ITINF24/lektion12/unittest
$ ls
1_cat_math.py	    cat_math.py       cat_years_definition.txt
1_cat_math_test.py  cat_math_test.py  __pycache__
ITINF24/lektion12/unittest
$ cd ..
ITINF24/lektion12
$ ITINF24/lektion12
$ ls
doctests  ex_import_vs_script  pip.md  recordings  syspath  TDD.md  unittest
ITINF24/lektion12
$ c
mkdir virtual?_env
ITINF24/lektion12
$ ITINF24/lektion12
$ cd virtual_env/
ITINF24/lektion12/virtual_env
$ ITINF24/lektion12/virtual_env
$ ls
ITINF24/lektion12/virtual_env
$ python33 -m
venv
usage: venv [-h] [--system-site-packages] [--symlinks | --copies] [--clear] [--upgrade]
            [--without-pip] [--prompt PROMPT] [--upgrade-deps]
            ENV_DIR [ENV_DIR ...]
venv: error: the following arguments are required: ENV_DIR
ITINF24/lektion12/virtual_env
$ python3 -m venvITINF24/lektion12/virtual_env
$ python3 -m venv .venv
ITINF24/lektion12/virtual_env
$ .venv/ITINF24/lektion12/virtual_env
$ .venv/Scripts/activvare ^C
ITINF24/lektion12/virtual_env
$ .vsource .venv/Sc
r
bin/ac
tivateITINF24/lektion12/virtual_env
$ source .venv/bin/activate
ITINF24/lektion12/virtual_env
$ pip ITINF24/lektion12/virtual_env
$ pip list
]Package    Version
---------- -------
pip        23.0.1
setuptools 66.1.1
ITINF24/lektion12/virtual_env
$ pip listITINF24/lektion12/virtual_env
$ pip list
Package    Version
---------- -------
pip        23.0.1
setuptools 66.1.1
ITINF24/lektion12/virtual_env
$ pip install pyt
e
stITINF24/lektion12/virtual_env
$ pip install pytest
Collecting pytest
  Using cached pytest-8.3.5-py3-none-any.whl (343 kB)
Collecting iniconfig
  Using cached iniconfig-2.0.0-py3-none-any.whl (5.9 kB)
Collecting packaging
  Using cached packaging-24.2-py3-none-any.whl (65 kB)
Collecting pluggy<2,>=1.5
  Using cached pluggy-1.5.0-py3-none-any.whl (20 kB)
Installing collected packages: pluggy, packaging, iniconfig, pytest
Successfully installed iniconfig-2.0.0 packaging-24.2 pluggy-1.5.0 pytest-8.3.5
ITINF24/lektion12/virtual_env
$ ITINF24/lektion12/virtual_env
$ pip list
Package    Version
---------- -------
iniconfig  2.0.0
packaging  24.2
pip        23.0.1
pluggy     1.5.0
pytest     8.3.5
setuptools 66.1.1
ITINF24/lektion12/virtual_env
$ ITINF24/lektion12/virtual_env
$ pip freeze
iniconfig==2.0.0
packaging==24.2
pluggy==1.5.0
pytest==8.3.5
ITINF24/lektion12/virtual_env
$ ITINF24/lektion12/virtual_env
$ pip fre
eze >requirements.txt
ITINF24/lektion12/virtual_env
$ ls -aITINF24/lektion12/virtual_env
$ ls -a
.  ..  requirements.txt  .venv
ITINF24/lektion12/virtual_env
$ tree .venv/ | less
.venv/
â”œâ”€â”€ bin
â”‚Â Â  â”œâ”€â”€ activate
â”‚Â Â  â”œâ”€â”€ activate.csh
â”‚Â Â  â”œâ”€â”€ activate.fish
â”‚Â Â  â”œâ”€â”€ Activate.ps1
â”‚Â Â  â”œâ”€â”€ pip
â”‚Â Â  â”œâ”€â”€ pip3
â”‚Â Â  â”œâ”€â”€ pip3.11
â”‚Â Â  â”œâ”€â”€ py.test
â”‚Â Â  â”œâ”€â”€ pytest
â”‚Â Â  â”œâ”€â”€ python -> python3
â”‚Â Â  â”œâ”€â”€ python3 -> /usr/bin/python3
â”‚Â Â  â””â”€â”€ python3.11 -> python3
â”œâ”€â”€ include
â”‚Â Â  â””â”€â”€ python3.11
â”œâ”€â”€ lib
â”‚Â Â  â””â”€â”€ python3.11
â”‚Â Â      â””â”€â”€ site-packages
â”‚Â Â          â”œâ”€â”€ _distutils_hack
â”‚Â Â          â”‚Â Â  â”œâ”€â”€ __init__.py
â”‚Â Â          â”‚Â Â  â”œâ”€â”€ override.py
â”‚Â Â          â”‚Â Â  â””â”€â”€ __pycache__
â”‚Â Â          â”‚Â Â      â”œâ”€â”€ __init__.cpython-311.pyc
â”‚Â Â          â”‚Â Â      â””â”€â”€ override.cpython-311.pyc
â”‚Â Â          â”œâ”€â”€ distutils-precedence.pth
â”‚Â Â          â”œâ”€â”€ iniconfig
â”‚Â Â          â”‚Â Â  â”œâ”€â”€ exceptions.py
â”‚Â Â          â”‚Â Â  â”œâ”€â”€ __init__.py
â”‚Â Â          â”‚Â Â  â”œâ”€â”€ _parse.py
â”‚Â Â          â”‚Â Â  â”œâ”€â”€ __pycache__
â”‚Â Â          â”‚Â Â  â”‚Â Â  â”œâ”€â”€ exceptions.cpython-311.pyc
â”‚Â Â          â”‚Â Â  â”‚Â Â  â”œâ”€â”€ __init__.cpython-311.pyc
â”‚Â Â          â”‚Â Â  â”‚Â Â  â”œâ”€â”€ _parse.cpython-311.pyc
â”‚Â Â          â”‚Â Â  â”‚Â Â  â””â”€â”€ _version.cpython-311.pyc
â”‚Â Â          â”‚Â Â  â”œâ”€â”€ py.typed
â”‚Â Â          â”‚Â Â  â””â”€â”€ _version.py
â”‚Â Â          â”œâ”€â”€ iniconfig-2.0.0.dist-info
â”‚Â Â          â”‚Â Â  â”œâ”€â”€ INSTALLER
â”‚Â Â          â”‚Â Â  â”œâ”€â”€ licenses
â”‚Â Â          â”‚Â Â  â”‚Â Â  â””â”€â”€ LICENSE
â”‚Â Â          â”‚Â Â  â”œâ”€â”€ METADATA
â”‚Â Â          â”‚Â Â  â”œâ”€â”€ RECORD
â”‚Â Â          â”‚Â Â  â””â”€â”€ WHEEL
â”‚Â Â          â”œâ”€â”€ packaging
â”‚Â Â          â”‚Â Â  â”œâ”€â”€ _elffile.py
â”‚Â Â          â”‚Â Â  â”œâ”€â”€ __init__.py
â”‚Â Â          â”‚Â Â  â”œâ”€â”€ licenses
â”‚Â Â          â”‚Â Â  â”‚Â Â  â”œâ”€â”€ __init__.py
â”‚Â Â          â”‚Â Â  â”‚Â Â  â”œâ”€â”€ __pycache__
â”‚Â Â          â”‚Â Â  â”‚Â Â  â”‚Â Â  â”œâ”€â”€ __init__.cpython-311.pyc
â”‚Â Â          â”‚Â Â  â”‚Â Â  â”‚Â Â  â””â”€â”€ _spdx.cpython-311.pyc
â”‚Â Â          â”‚Â Â  â”‚Â Â  â””â”€â”€ _spdx.py
â”‚Â Â          â”‚Â Â  â”œâ”€â”€ _manylinux.py
â”‚Â Â          â”‚Â Â  â”œâ”€â”€ markers.py
â”‚Â Â          â”‚Â Â  â”œâ”€â”€ metadata.py
â”‚Â Â          â”‚Â Â  â”œâ”€â”€ _musllinux.py
â”‚Â Â          â”‚Â Â  â”œâ”€â”€ _parser.py
â”‚Â Â          â”‚Â Â  â”œâ”€â”€ __pycache__
â”‚Â Â          â”‚Â Â  â”‚Â Â  â”œâ”€â”€ _elffile.cpython-311.pyc
â”‚Â Â          â”‚Â Â  â”‚Â Â  â”œâ”€â”€ __init__.cpython-311.pyc
â”‚Â Â          â”‚Â Â  â”‚Â Â  â”œâ”€â”€ _manylinux.cpython-311.pyc
â”‚Â Â          â”‚Â Â  â”‚Â Â  â”œâ”€â”€ markers.cpython-311.pyc
â”‚Â Â          â”‚Â Â  â”‚Â Â  â”œâ”€â”€ metadata.cpython-311.pyc
â”‚Â Â          â”‚Â Â  â”‚Â Â  â”œâ”€â”€ _musllinux.cpython-311.pyc
â”‚Â Â          â”‚Â Â  â”‚Â Â  â”œâ”€â”€ _parser.cpython-311.pyc
â”‚Â Â          â”‚Â Â  â”‚Â Â  â”œâ”€â”€ requirements.cpython-311.pyc
â”‚Â Â          â”‚Â Â  â”‚Â Â  â”œâ”€â”€ specifiers.cpython-311.pyc
â”‚Â Â          â”‚Â Â  â”‚Â Â  â”œâ”€â”€ _structures.cpython-311.pyc
â”‚Â Â          â”‚Â Â  â”‚Â Â  â”œâ”€â”€ tags.cpython-311.pyc
â”‚Â Â          â”‚Â Â  â”‚Â Â  â”œâ”€â”€ _tokenizer.cpython-311.pyc
â”‚Â Â          â”‚Â Â  â”‚Â Â  â”œâ”€â”€ utils.cpython-311.pyc
â”‚Â Â          â”‚Â Â  â”‚Â Â  â””â”€â”€ version.cpython-311.pyc
â”‚Â Â          â”‚Â Â  â”œâ”€â”€ py.typed
â”‚Â Â          â”‚Â Â  â”œâ”€â”€ requirements.py
â”‚Â Â          â”‚Â Â  â”œâ”€â”€ specifiers.py
â”‚Â Â          â”‚Â Â  â”œâ”€â”€ _structures.py
â”‚Â Â          â”‚Â Â  â”œâ”€â”€ tags.py
â”‚Â Â          â”‚Â Â  â”œâ”€â”€ _tokenizer.py
â”‚Â Â          â”‚Â Â  â”œâ”€â”€ utils.py
â”‚Â Â          â”‚Â Â  â””â”€â”€ version.py
â”‚Â Â          â”œâ”€â”€ packaging-24.2.dist-info
â”‚Â Â          â”‚Â Â  â”œâ”€â”€ INSTALLER
â”‚Â Â          â”‚Â Â  â”œâ”€â”€ LICENSE
â”‚Â Â          â”‚Â Â  â”œâ”€â”€ LICENSE.APACHE
â”‚Â Â          â”‚Â Â  â”œâ”€â”€ LICENSE.BSD
â”‚Â Â          â”‚Â Â  â”œâ”€â”€ METADATA
â”‚Â Â          â”‚Â Â  â”œâ”€â”€ RECORD
â”‚Â Â          â”‚Â Â  â””â”€â”€ WHEEL
â”‚Â Â          â”œâ”€â”€ pip
â”‚Â Â          â”‚Â Â  â”œâ”€â”€ __init__.py
â”‚Â Â          â”‚Â Â  â”œâ”€â”€ _internal
â”‚Â Â          â”‚Â Â  â”‚Â Â  â”œâ”€â”€ build_env.py
â”‚Â Â          â”‚Â Â  â”‚Â Â  â”œâ”€â”€ cache.py
â”‚Â Â          â”‚Â Â  â”‚Â Â  â”œâ”€â”€ cli
â”‚Â Â          â”‚Â Â  â”‚Â Â  â”‚Â Â  â”œâ”€â”€ autocompletion.py
â”‚Â Â          â”‚Â Â  â”‚Â Â  â”‚Â Â  â”œâ”€â”€ base_command.py
â”‚Â Â          â”‚Â Â  â”‚Â Â  â”‚Â Â  â”œâ”€â”€ cmdoptions.py
â”‚Â Â          â”‚Â Â  â”‚Â Â  â”‚Â Â  â”œâ”€â”€ command_context.py
â”‚Â Â          â”‚Â Â  â”‚Â Â  â”‚Â Â  â”œâ”€â”€ __init__.py
â”‚Â Â          â”‚Â Â  â”‚Â Â  â”‚Â Â  â”œâ”€â”€ main_parser.py
â”‚Â Â          â”‚Â Â  â”‚Â Â  â”‚Â Â  â”œâ”€â”€ main.py
â”‚Â Â          â”‚Â Â  â”‚Â Â  â”‚Â Â  â”œâ”€â”€ parser.py
â”‚Â Â          â”‚Â Â  â”‚Â Â  â”‚Â Â  â”œâ”€â”€ progress_bars.py
â”‚Â Â          â”‚Â Â  â”‚Â Â  â”‚Â Â  â”œâ”€â”€ __pycache__
â”‚Â Â          â”‚Â Â  â”‚Â Â  â”‚Â Â  â”‚Â Â  â”œâ”€â”€ autocompletion.cpython-311.pyc
â”‚Â Â          â”‚Â Â  â”‚Â Â  â”‚Â Â  â”‚Â Â  â”œâ”€â”€ base_command.cpython-311.pyc
â”‚Â Â          â”‚Â Â  â”‚Â Â  â”‚Â Â  â”‚Â Â  â”œâ”€â”€ cmdoptions.cpython-311.pyc
â”‚Â Â          â”‚Â Â  â”‚Â Â  â”‚Â Â  â”‚Â Â  â”œâ”€â”€ command_context.cpython-311.pyc
â”‚Â Â          â”‚Â Â  â”‚Â Â  â”‚Â Â  â”‚Â Â  â”œâ”€â”€ __init__.cpython-311.pyc
â”‚Â Â          â”‚Â Â  â”‚Â Â  â”‚Â Â  â”‚Â Â  â”œâ”€â”€ main.cpython-311.pyc
â”‚Â Â          â”‚Â Â  â”‚Â Â  â”‚Â Â  â”‚Â Â  â”œâ”€â”€ main_parser.cpython-311.pyc
â”‚Â Â          â”‚Â Â  â”‚Â Â  â”‚Â Â  â”‚Â Â  â”œâ”€â”€ parser.cpython-311.pyc
â”‚Â Â          â”‚Â Â  â”‚Â Â  â”‚Â Â  â”‚Â Â  â”œâ”€â”€ progress_bars.cpython-311.pyc
â”‚Â Â          â”‚Â Â  â”‚Â Â  â”‚Â Â  â”‚Â Â  â”œâ”€â”€ req_command.cpython-311.pyc
â”‚Â Â          â”‚Â Â  â”‚Â Â  â”‚Â Â  â”‚Â Â  â”œâ”€â”€ spinners.cpython-311.pyc
â”‚Â Â          â”‚Â Â  â”‚Â Â  â”‚Â Â  â”‚Â Â  â””â”€â”€ status_codes.cpython-311.pyc
â”‚Â Â          â”‚Â Â  â”‚Â Â  â”‚Â Â  â”œâ”€â”€ req_command.py
â”‚Â Â          â”‚Â Â  â”‚Â Â  â”‚Â Â  â”œâ”€â”€ spinners.py
â”‚Â Â          â”‚Â Â  â”‚Â Â  â”‚Â Â  â””â”€â”€ status_codes.py
â”‚Â Â          â”‚Â Â  â”‚Â Â  â”œâ”€â”€ commands
â”‚Â Â          â”‚Â Â  â”‚Â Â  â”‚Â Â  â”œâ”€â”€ cache.py
â”‚Â Â          â”‚Â Â  â”‚Â Â  â”‚Â Â  â”œâ”€â”€ check.py
â”‚Â Â          â”‚Â Â  â”‚Â Â  â”‚Â Â  â”œâ”€â”€ completion.py
â”‚Â Â          â”‚Â Â  â”‚Â Â  â”‚Â Â  â”œâ”€â”€ configuration.py
â”‚Â Â          â”‚Â Â  â”‚Â Â  â”‚Â Â  â”œâ”€â”€ debug.py
â”‚Â Â          â”‚Â Â  â”‚Â Â  â”‚Â Â  â”œâ”€â”€ download.py
â”‚Â Â          â”‚Â Â  â”‚Â Â  â”‚Â Â  â”œâ”€â”€ freeze.py
â”‚Â Â          â”‚Â Â  â”‚Â Â  â”‚Â Â  â”œâ”€â”€ hash.py
â”‚Â Â          â”‚Â Â  â”‚Â Â  â”‚Â Â  â”œâ”€â”€ help.py
â”‚Â Â          â”‚Â Â  â”‚Â Â  â”‚Â Â  â”œâ”€â”€ index.py
â”‚Â Â          â”‚Â Â  â”‚Â Â  â”‚Â Â  â”œâ”€â”€ __init__.py
â”‚Â Â          â”‚Â Â  â”‚Â Â  â”‚Â Â  â”œâ”€â”€ inspect.py
â”‚Â Â          â”‚Â Â  â”‚Â Â  â”‚Â Â  â”œâ”€â”€ install.py
â”‚Â Â          â”‚Â Â  â”‚Â Â  â”‚Â Â  â”œâ”€â”€ list.py
â”‚Â Â          â”‚Â Â  â”‚Â Â  â”‚Â Â  â”œâ”€â”€ __pycache__
â”‚Â Â          â”‚Â Â  â”‚Â Â  â”‚Â Â  â”‚Â Â  â”œâ”€â”€ cache.cpython-311.pyc
â”‚Â Â          â”‚Â Â  â”‚Â Â  â”‚Â Â  â”‚Â Â  â”œâ”€â”€ check.cpython-311.pyc
â”‚Â Â          â”‚Â Â  â”‚Â Â  â”‚Â Â  â”‚Â Â  â”œâ”€â”€ completion.cpython-311.pyc
â”‚Â Â          â”‚Â Â  â”‚Â Â  â”‚Â Â  â”‚Â Â  â”œâ”€â”€ configuration.cpython-311.pyc
â”‚Â Â          â”‚Â Â  â”‚Â Â  â”‚Â Â  â”‚Â Â  â”œâ”€â”€ debug.cpython-311.pyc
â”‚Â Â          â”‚Â Â  â”‚Â Â  â”‚Â Â  â”‚Â Â  â”œâ”€â”€ download.cpython-311.pyc
â”‚Â Â          â”‚Â Â  â”‚Â Â  â”‚Â Â  â”‚Â Â  â”œâ”€â”€ freeze.cpython-311.pyc
â”‚Â Â          â”‚Â Â  â”‚Â Â  â”‚Â Â  â”‚Â Â  â”œâ”€â”€ hash.cpython-311.pyc
â”‚Â Â          â”‚Â Â  â”‚Â Â  â”‚Â Â  â”‚Â Â  â”œâ”€â”€ help.cpython-311.pyc
â”‚Â Â          â”‚Â Â  â”‚Â Â  â”‚Â Â  â”‚Â Â  â”œâ”€â”€ index.cpython-311.pyc
â”‚Â Â          â”‚Â Â  â”‚Â Â  â”‚Â Â  â”‚Â Â  â”œâ”€â”€ __init__.cpython-311.pyc
â”‚Â Â          â”‚Â Â  â”‚Â Â  â”‚Â Â  â”‚Â Â  â”œâ”€â”€ inspect.cpython-311.pyc
â”‚Â Â          â”‚Â Â  â”‚Â Â  â”‚Â Â  â”‚Â Â  â”œâ”€â”€ install.cpython-311.pyc
â”‚Â Â          â”‚Â Â  â”‚Â Â  â”‚Â Â  â”‚Â Â  â”œâ”€â”€ list.cpython-311.pyc
â”‚Â Â          â”‚Â Â  â”‚Â Â  â”‚Â Â  â”‚Â Â  â”œâ”€â”€ search.cpython-311.pyc
â”‚Â Â          â”‚Â Â  â”‚Â Â  â”‚Â Â  â”‚Â Â  â”œâ”€â”€ show.cpython-311.pyc
â”‚Â Â          â”‚Â Â  â”‚Â Â  â”‚Â Â  â”‚Â Â  â”œâ”€â”€ uninstall.cpython-311.pyc
â”‚Â Â          â”‚Â Â  â”‚Â Â  â”‚Â Â  â”‚Â Â  â””â”€â”€ wheel.cpython-311.pyc
â”‚Â Â          â”‚Â Â  â”‚Â Â  â”‚Â Â  â”œâ”€â”€ search.py
â”‚Â Â          â”‚Â Â  â”‚Â Â  â”‚Â Â  â”œâ”€â”€ show.py
â”‚Â Â          â”‚Â Â  â”‚Â Â  â”‚Â Â  â”œâ”€â”€ uninstall.py
â”‚Â Â          â”‚Â Â  â”‚Â Â  â”‚Â Â  â””â”€â”€ wheel.py
â”‚Â Â          â”‚Â Â  â”‚Â Â  â”œâ”€â”€ configuration.py
â”‚Â Â          â”‚Â Â  â”‚Â Â  â”œâ”€â”€ distributions
â”‚Â Â          â”‚Â Â  â”‚Â Â  â”‚Â Â  â”œâ”€â”€ base.py
â”‚Â Â          â”‚Â Â  â”‚Â Â  â”‚Â Â  â”œâ”€â”€ __init__.py
â”‚Â Â          â”‚Â Â  â”‚Â Â  â”‚Â Â  â”œâ”€â”€ installed.py
â”‚Â Â          â”‚Â Â  â”‚Â Â  â”‚Â Â  â”œâ”€â”€ __pycache__
â”‚Â Â          â”‚Â Â  â”‚Â Â  â”‚Â Â  â”‚Â Â  â”œâ”€â”€ base.cpython-311.pyc
â”‚Â Â          â”‚Â Â  â”‚Â Â  â”‚Â Â  â”‚Â Â  â”œâ”€â”€ __init__.cpython-311.pyc
â”‚Â Â          â”‚Â Â  â”‚Â Â  â”‚Â Â  â”‚Â Â  â”œâ”€â”€ installed.cpython-311.pyc
â”‚Â Â          â”‚Â Â  â”‚Â Â  â”‚Â Â  â”‚Â Â  â”œâ”€â”€ sdist.cpython-311.pyc
â”‚Â Â          â”‚Â Â  â”‚Â Â  â”‚Â Â  â”‚Â Â  â””â”€â”€ wheel.cpython-311.pyc
â”‚Â Â          â”‚Â Â  â”‚Â Â  â”‚Â Â  â”œâ”€â”€ sdist.py
â”‚Â Â          â”‚Â Â  â”‚Â Â  â”‚Â Â  â””â”€â”€ wheel.py
â”‚Â Â          â”‚Â Â  â”‚Â Â  â”œâ”€â”€ exceptions.py
â”‚Â Â          â”‚Â Â  â”‚Â Â  â”œâ”€â”€ index
â”‚Â Â          â”‚Â Â  â”‚Â Â  â”‚Â Â  â”œâ”€â”€ collector.py
â”‚Â Â          â”‚Â Â  â”‚Â Â  â”‚Â Â  â”œâ”€â”€ __init__.py
â”‚Â Â          â”‚Â Â  â”‚Â Â  â”‚Â Â  â”œâ”€â”€ package_finder.py
â”‚Â Â          â”‚Â Â  â”‚Â Â  â”‚Â Â  â”œâ”€â”€ __pycache__
â”‚Â Â          â”‚Â Â  â”‚Â Â  â”‚Â Â  â”‚Â Â  â”œâ”€â”€ collector.cpython-311.pyc
â”‚Â Â          â”‚Â Â  â”‚Â Â  â”‚Â Â  â”‚Â Â  â”œâ”€â”€ __init__.cpython-311.pyc
â”‚Â Â          â”‚Â Â  â”‚Â Â  â”‚Â Â  â”‚Â Â  â”œâ”€â”€ package_finder.cpython-311.pyc
â”‚Â Â          â”‚Â Â  â”‚Â Â  â”‚Â Â  â”‚Â Â  â””â”€â”€ sources.cpython-311.pyc
â”‚Â Â          â”‚Â Â  â”‚Â Â  â”‚Â Â  â””â”€â”€ sources.py
â”‚Â Â          â”‚Â Â  â”‚Â Â  â”œâ”€â”€ __init__.py
â”‚Â Â          â”‚Â Â  â”‚Â Â  â”œâ”€â”€ locations
â”‚Â Â          â”‚Â Â  â”‚Â Â  â”‚Â Â  â”œâ”€â”€ base.py
â”‚Â Â          â”‚Â Â  â”‚Â Â  â”‚Â Â  â”œâ”€â”€ _distutils.py
â”‚Â Â          â”‚Â Â  â”‚Â Â  â”‚Â Â  â”œâ”€â”€ __init__.py
â”‚Â Â          â”‚Â Â  â”‚Â Â  â”‚Â Â  â”œâ”€â”€ __pycache__
â”‚Â Â          â”‚Â Â  â”‚Â Â  â”‚Â Â  â”‚Â Â  â”œâ”€â”€ base.cpython-311.pyc
â”‚Â Â          â”‚Â Â  â”‚Â Â  â”‚Â Â  â”‚Â Â  â”œâ”€â”€ _distutils.cpython-311.pyc
â”‚Â Â          â”‚Â Â  â”‚Â Â  â”‚Â Â  â”‚Â Â  â”œâ”€â”€ __init__.cpython-311.pyc
â”‚Â Â          â”‚Â Â  â”‚Â Â  â”‚Â Â  â”‚Â Â  â””â”€â”€ _sysconfig.cpython-311.pyc
â”‚Â Â          â”‚Â Â  â”‚Â Â  â”‚Â Â  â””â”€â”€ _sysconfig.py
â”‚Â Â          â”‚Â Â  â”‚Â Â  â”œâ”€â”€ main.py
â”‚Â Â          â”‚Â Â  â”‚Â Â  â”œâ”€â”€ metadata
â”‚Â Â          â”‚Â Â  â”‚Â Â  â”‚Â Â  â”œâ”€â”€ base.py
â”‚Â Â          â”‚Â Â  â”‚Â Â  â”‚Â Â  â”œâ”€â”€ importlib
â”‚Â Â          â”‚Â Â  â”‚Â Â  â”‚Â Â  â”‚Â Â  â”œâ”€â”€ _compat.py
â”‚Â Â          â”‚Â Â  â”‚Â Â  â”‚Â Â  â”‚Â Â  â”œâ”€â”€ _dists.py
â”‚Â Â          â”‚Â Â  â”‚Â Â  â”‚Â Â  â”‚Â Â  â”œâ”€â”€ _envs.py
â”‚Â Â          â”‚Â Â  â”‚Â Â  â”‚Â Â  â”‚Â Â  â”œâ”€â”€ __init__.py
â”‚Â Â          â”‚Â Â  â”‚Â Â  â”‚Â Â  â”‚Â Â  â””â”€â”€ __pycache__
â”‚Â Â          â”‚Â Â  â”‚Â Â  â”‚Â Â  â”‚Â Â      â”œâ”€â”€ _compat.cpython-311.pyc
â”‚Â Â          â”‚Â Â  â”‚Â Â  â”‚Â Â  â”‚Â Â      â”œâ”€â”€ _dists.cpython-311.pyc
â”‚Â Â          â”‚Â Â  â”‚Â Â  â”‚Â Â  â”‚Â Â      â”œâ”€â”€ _envs.cpython-311.pyc
â”‚Â Â          â”‚Â Â  â”‚Â Â  â”‚Â Â  â”‚Â Â      â””â”€â”€ __init__.cpython-311.pyc
â”‚Â Â          â”‚Â Â  â”‚Â Â  â”‚Â Â  â”œâ”€â”€ __init__.py
â”‚Â Â          â”‚Â Â  â”‚Â Â  â”‚Â Â  â”œâ”€â”€ _json.py
â”‚Â Â          â”‚Â Â  â”‚Â Â  â”‚Â Â  â”œâ”€â”€ pkg_resources.py
â”‚Â Â          â”‚Â Â  â”‚Â Â  â”‚Â Â  â””â”€â”€ __pycache__
â”‚Â Â          â”‚Â Â  â”‚Â Â  â”‚Â Â      â”œâ”€â”€ base.cpython-311.pyc
â”‚Â Â          â”‚Â Â  â”‚Â Â  â”‚Â Â      â”œâ”€â”€ __init__.cpython-311.pyc
â”‚Â Â          â”‚Â Â  â”‚Â Â  â”‚Â Â      â”œâ”€â”€ _json.cpython-311.pyc
â”‚Â Â          â”‚Â Â  â”‚Â Â  â”‚Â Â      â””â”€â”€ pkg_resources.cpython-311.pyc
â”‚Â Â          â”‚Â Â  â”‚Â Â  â”œâ”€â”€ models
â”‚Â Â          â”‚Â Â  â”‚Â Â  â”‚Â Â  â”œâ”€â”€ candidate.py
â”‚Â Â          â”‚Â Â  â”‚Â Â  â”‚Â Â  â”œâ”€â”€ direct_url.py
â”‚Â Â          â”‚Â Â  â”‚Â Â  â”‚Â Â  â”œâ”€â”€ format_control.py
â”‚Â Â          â”‚Â Â  â”‚Â Â  â”‚Â Â  â”œâ”€â”€ index.py
â”‚Â Â          â”‚Â Â  â”‚Â Â  â”‚Â Â  â”œâ”€â”€ __init__.py
â”‚Â Â          â”‚Â Â  â”‚Â Â  â”‚Â Â  â”œâ”€â”€ installation_report.py
â”‚Â Â          â”‚Â Â  â”‚Â Â  â”‚Â Â  â”œâ”€â”€ link.py
â”‚Â Â          â”‚Â Â  â”‚Â Â  â”‚Â Â  â”œâ”€â”€ __pycache__
â”‚Â Â          â”‚Â Â  â”‚Â Â  â”‚Â Â  â”‚Â Â  â”œâ”€â”€ candidate.cpython-311.pyc
â”‚Â Â          â”‚Â Â  â”‚Â Â  â”‚Â Â  â”‚Â Â  â”œâ”€â”€ direct_url.cpython-311.pyc
â”‚Â Â          â”‚Â Â  â”‚Â Â  â”‚Â Â  â”‚Â Â  â”œâ”€â”€ format_control.cpython-311.pyc
â”‚Â Â          â”‚Â Â  â”‚Â Â  â”‚Â Â  â”‚Â Â  â”œâ”€â”€ index.cpython-311.pyc
â”‚Â Â          â”‚Â Â  â”‚Â Â  â”‚Â Â  â”‚Â Â  â”œâ”€â”€ __init__.cpython-311.pyc
â”‚Â Â          â”‚Â Â  â”‚Â Â  â”‚Â Â  â”‚Â Â  â”œâ”€â”€ installation_report.cpython-311.pyc
â”‚Â Â          â”‚Â Â  â”‚Â Â  â”‚Â Â  â”‚Â Â  â”œâ”€â”€ link.cpython-311.pyc
â”‚Â Â          â”‚Â Â  â”‚Â Â  â”‚Â Â  â”‚Â Â  â”œâ”€â”€ scheme.cpython-311.pyc
â”‚Â Â          â”‚Â Â  â”‚Â Â  â”‚Â Â  â”‚Â Â  â”œâ”€â”€ search_scope.cpython-311.pyc
â”‚Â Â          â”‚Â Â  â”‚Â Â  â”‚Â Â  â”‚Â Â  â”œâ”€â”€ selection_prefs.cpython-311.pyc
â”‚Â Â          â”‚Â Â  â”‚Â Â  â”‚Â Â  â”‚Â Â  â”œâ”€â”€ target_python.cpython-311.pyc
â”‚Â Â          â”‚Â Â  â”‚Â Â  â”‚Â Â  â”‚Â Â  â””â”€â”€ wheel.cpython-311.pyc
â”‚Â Â          â”‚Â Â  â”‚Â Â  â”‚Â Â  â”œâ”€â”€ scheme.py
â”‚Â Â          â”‚Â Â  â”‚Â Â  â”‚Â Â  â”œâ”€â”€ search_scope.py
â”‚Â Â          â”‚Â Â  â”‚Â Â  â”‚Â Â  â”œâ”€â”€ selection_prefs.py
â”‚Â Â          â”‚Â Â  â”‚Â Â  â”‚Â Â  â”œâ”€â”€ target_python.py
â”‚Â Â          â”‚Â Â  â”‚Â Â  â”‚Â Â  â””â”€â”€ wheel.py
â”‚Â Â          â”‚Â Â  â”‚Â Â  â”œâ”€â”€ network
â”‚Â Â          â”‚Â Â  â”‚Â Â  â”‚Â Â  â”œâ”€â”€ auth.py
â”‚Â Â          â”‚Â Â  â”‚Â Â  â”‚Â Â  â”œâ”€â”€ cache.py
â”‚Â Â          â”‚Â Â  â”‚Â Â  â”‚Â Â  â”œâ”€â”€ download.py
â”‚Â Â          â”‚Â Â  â”‚Â Â  â”‚Â Â  â”œâ”€â”€ __init__.py
â”‚Â Â          â”‚Â Â  â”‚Â Â  â”‚Â Â  â”œâ”€â”€ lazy_wheel.py
â”‚Â Â          â”‚Â Â  â”‚Â Â  â”‚Â Â  â”œâ”€â”€ __pycache__
â”‚Â Â          â”‚Â Â  â”‚Â Â  â”‚Â Â  â”‚Â Â  â”œâ”€â”€ auth.cpython-311.pyc
â”‚Â Â          â”‚Â Â  â”‚Â Â  â”‚Â Â  â”‚Â Â  â”œâ”€â”€ cache.cpython-311.pyc
â”‚Â Â          â”‚Â Â  â”‚Â Â  â”‚Â Â  â”‚Â Â  â”œâ”€â”€ download.cpython-311.pyc
â”‚Â Â          â”‚Â Â  â”‚Â Â  â”‚Â Â  â”‚Â Â  â”œâ”€â”€ __init__.cpython-311.pyc
â”‚Â Â          â”‚Â Â  â”‚Â Â  â”‚Â Â  â”‚Â Â  â”œâ”€â”€ lazy_wheel.cpython-311.pyc
â”‚Â Â          â”‚Â Â  â”‚Â Â  â”‚Â Â  â”‚Â Â  â”œâ”€â”€ session.cpython-311.pyc
â”‚Â Â          â”‚Â Â  â”‚Â Â  â”‚Â Â  â”‚Â Â  â”œâ”€â”€ utils.cpython-311.pyc
â”‚Â Â          â”‚Â Â  â”‚Â Â  â”‚Â Â  â”‚Â Â  â””â”€â”€ xmlrpc.cpython-311.pyc
â”‚Â Â          â”‚Â Â  â”‚Â Â  â”‚Â Â  â”œâ”€â”€ session.py
â”‚Â Â          â”‚Â Â  â”‚Â Â  â”‚Â Â  â”œâ”€â”€ utils.py
â”‚Â Â          â”‚Â Â  â”‚Â Â  â”‚Â Â  â””â”€â”€ xmlrpc.py
â”‚Â Â          â”‚Â Â  â”‚Â Â  â”œâ”€â”€ operations
â”‚Â Â          â”‚Â Â  â”‚Â Â  â”‚Â Â  â”œâ”€â”€ build
â”‚Â Â          â”‚Â Â  â”‚Â Â  â”‚Â Â  â”‚Â Â  â”œâ”€â”€ build_tracker.py
â”‚Â Â          â”‚Â Â  â”‚Â Â  â”‚Â Â  â”‚Â Â  â”œâ”€â”€ __init__.py
â”‚Â Â          â”‚Â Â  â”‚Â Â  â”‚Â Â  â”‚Â Â  â”œâ”€â”€ metadata_editable.py
â”‚Â Â          â”‚Â Â  â”‚Â Â  â”‚Â Â  â”‚Â Â  â”œâ”€â”€ metadata_legacy.py
â”‚Â Â          â”‚Â Â  â”‚Â Â  â”‚Â Â  â”‚Â Â  â”œâ”€â”€ metadata.py
â”‚Â Â          â”‚Â Â  â”‚Â Â  â”‚Â Â  â”‚Â Â  â”œâ”€â”€ __pycache__
â”‚Â Â          â”‚Â Â  â”‚Â Â  â”‚Â Â  â”‚Â Â  â”‚Â Â  â”œâ”€â”€ build_tracker.cpython-311.pyc
â”‚Â Â          â”‚Â Â  â”‚Â Â  â”‚Â Â  â”‚Â Â  â”‚Â Â  â”œâ”€â”€ __init__.cpython-311.pyc
â”‚Â Â          â”‚Â Â  â”‚Â Â  â”‚Â Â  â”‚Â Â  â”‚Â Â  â”œâ”€â”€ metadata.cpython-311.pyc
â”‚Â Â          â”‚Â Â  â”‚Â Â  â”‚Â Â  â”‚Â Â  â”‚Â Â  â”œâ”€â”€ metadata_editable.cpython-311.pyc
â”‚Â Â          â”‚Â Â  â”‚Â Â  â”‚Â Â  â”‚Â Â  â”‚Â Â  â”œâ”€â”€ metadata_legacy.cpython-311.pyc
â”‚Â Â          â”‚Â Â  â”‚Â Â  â”‚Â Â  â”‚Â Â  â”‚Â Â  â”œâ”€â”€ wheel.cpython-311.pyc
â”‚Â Â          â”‚Â Â  â”‚Â Â  â”‚Â Â  â”‚Â Â  â”‚Â Â  â”œâ”€â”€ wheel_editable.cpython-311.pyc
â”‚Â Â          â”‚Â Â  â”‚Â Â  â”‚Â Â  â”‚Â Â  â”‚Â Â  â””â”€â”€ wheel_legacy.cpython-311.pyc
â”‚Â Â          â”‚Â Â  â”‚Â Â  â”‚Â Â  â”‚Â Â  â”œâ”€â”€ wheel_editable.py
â”‚Â Â          â”‚Â Â  â”‚Â Â  â”‚Â Â  â”‚Â Â  â”œâ”€â”€ wheel_legacy.py
â”‚Â Â          â”‚Â Â  â”‚Â Â  â”‚Â Â  â”‚Â Â  â””â”€â”€ wheel.py
â”‚Â Â          â”‚Â Â  â”‚Â Â  â”‚Â Â  â”œâ”€â”€ check.py
â”‚Â Â          â”‚Â Â  â”‚Â Â  â”‚Â Â  â”œâ”€â”€ freeze.py
â”‚Â Â          â”‚Â Â  â”‚Â Â  â”‚Â Â  â”œâ”€â”€ __init__.py
Mâ”‚Â Â          â”‚Â Â  â”‚Â Â  â”‚Â Â  â”‚Â Â  â”œâ”€â”€ metadata_legacy.py
Mâ”‚Â Â          â”‚Â Â  â”‚Â Â  â”‚Â Â  â”‚Â Â  â”œâ”€â”€ metadata_editable.py
Mâ”‚Â Â          â”‚Â Â  â”‚Â Â  â”‚Â Â  â”‚Â Â  â”œâ”€â”€ __init__.py
Mâ”‚Â Â          â”‚Â Â  â”‚Â Â  â”‚Â Â  â”‚Â Â  â”œâ”€â”€ build_tracker.py
Mâ”‚Â Â          â”‚Â Â  â”‚Â Â  â”‚Â Â  â”œâ”€â”€ build
Mâ”‚Â Â          â”‚Â Â  â”‚Â Â  â”œâ”€â”€ operations
Mâ”‚Â Â          â”‚Â Â  â”‚Â Â  â”‚Â Â  â””â”€â”€ xmlrpc.py
Mâ”‚Â Â          â”‚Â Â  â”‚Â Â  â”‚Â Â  â”œâ”€â”€ utils.py
Mâ”‚Â Â          â”‚Â Â  â”‚Â Â  â”‚Â Â  â”œâ”€â”€ session.py
â”‚Â Â          â”‚Â Â  â”‚Â Â  â”‚Â Â  â”‚Â Â  â”‚Â Â  â”œâ”€â”€ wheel.cpython-311.pyc
â”‚Â Â          â”‚Â Â  â”‚Â Â  â”‚Â Â  â”‚Â Â  â”‚Â Â  â”œâ”€â”€ wheel_editable.cpython-311.pyc
â”‚Â Â          â”‚Â Â  â”‚Â Â  â”‚Â Â  â”‚Â Â  â”‚Â Â  â””â”€â”€ wheel_legacy.cpython-311.pyc
â”‚Â Â          â”‚Â Â  â”‚Â Â  â”‚Â Â  â”‚Â Â  â”œâ”€â”€ wheel_editable.py
â”‚Â Â          â”‚Â Â  â”‚Â Â  â”‚Â Â  â”‚Â Â  â”œâ”€â”€ wheel_legacy.py
â”‚Â Â          â”‚Â Â  â”‚Â Â  â”‚Â Â  â”‚Â Â  â””â”€â”€ wheel.py
â”‚Â Â          â”‚Â Â  â”‚Â Â  â”‚Â Â  â”œâ”€â”€ check.py
â”‚Â Â          â”‚Â Â  â”‚Â Â  â”‚Â Â  â”œâ”€â”€ freeze.py
â”‚Â Â          â”‚Â Â  â”‚Â Â  â”‚Â Â  â”œâ”€â”€ __init__.py
â”‚Â Â          â”‚Â Â  â”‚Â Â  â”‚Â Â  â”œâ”€â”€ install
 ESESCOB
