Script started on 2025-02-27 11:07:09+01:00 [TERM="xterm-256color" TTY="/dev/pts/13" COLUMNS="54" LINES="7"]
/bin/python3 /shared/kent/Documents/nackademin/python/py-live/ITINF24/lektion6/import_vs_execute.py
ITINF24/lektion6
$ /bin/python3 /shared/kent/Documents/nackademin/python/py-live/ITINF24/lektion6/import_vs_execute.py
ITINF24/lektion6
$ /bin/python3 /shared/kent/Documents/nackademin/python/py-live/ITINF24/lektion6/import_vs_execute.py
Med import:  46.28335419354718
ITINF24/lektion6
$ ^C
ITINF24/lektion6
$ pip
python3 -m pip --helpITINF24/lektion6
$ python3 -m pip --help

Usage:   
  /usr/bin/python3 -m pip <command> [options]

Commands:
  install                     Install packages.
  download                    Download packages.
  uninstall                   Uninstall packages.
  freeze                      Output installed packages in requirements format.
  inspect                     Inspect the python environment.
  list                        List installed packages.
  show                        Show information about installed packages.
  check                       Verify installed packages have compatible dependencies.
  config                      Manage local and global configuration.
  search                      Search PyPI for packages.
  cache                       Inspect and manage pip's wheel cache.
  index                       Inspect information available from package indexes.
  wheel                       Build wheels from your requirements.
  hash                        Compute hashes of package archives.
  completion                  A helper command used for command completion.
  debug                       Show information useful for debugging.
  help                        Show help for commands.

General Options:
  -h, --help                  Show help.
  --debug                     Let unhandled
                              exceptions propagate
                              outside the main
                              subroutine, instead of
                              logging them to
                              stderr.
  --isolated                  Run pip in an isolated
                              mode, ignoring
                              environment variables
                              and user
                              configuration.
  --require-virtualenv        Allow pip to only run
                              in a virtual
                              environment; exit with
                              an error otherwise.
  --python <python>           Run pip with the
                              specified Python
                              interpreter.
  -v, --verbose               Give more output.
                              Option is additive,
                              and can be used up to
                              3 times.
  -V, --version               Show version and exit.
  -q, --quiet                 Give less output.
                              Option is additive,
                              and can be used up to
                              3 times (corresponding
                              to WARNING, ERROR, and
                              CRITICAL logging
                              levels).
  --log <path>                Path to a verbose
                              appending log.
  --no-input                  Disable prompting for
                              input.
  --proxy <proxy>             Specify a proxy in the
                              form scheme://[user:pa
                              sswd@]proxy.server:por
                              t.
  --retries <retries>         Maximum number of
                              retries each
                              connection should
                              attempt (default 5
                              times).
  --timeout <sec>             Set the socket timeout
                              (default 15 seconds).
  --exists-action <action>    Default action when a
                              path already exists:
                              (s)witch, (i)gnore,
                              (w)ipe, (b)ackup,
                              (a)bort.
  --trusted-host <hostname>   Mark this host or
                              host:port pair as
                              trusted, even though
                              it does not have valid
                              or any HTTPS.
  --cert <path>               Path to PEM-encoded CA
                              certificate bundle. If
                              provided, overrides
                              the default. See 'SSL
                              Certificate
                              Verification' in pip
                              documentation for more
                              information.
  --client-cert <path>        Path to SSL client
                              certificate, a single
                              file containing the
                              private key and the
                              certificate in PEM
                              format.
  --cache-dir <dir>           Store the cache data
                              in <dir>.
  --no-cache-dir              Disable the cache.
  --disable-pip-version-check
                              Don't periodically
                              check PyPI to
                              determine whether a
                              new version of pip is
                              available for
                              download. Implied with
                              --no-index.
  --no-color                  Suppress colored
                              output.
  --no-python-version-warning
                              Silence deprecation
                              warnings for upcoming
                              unsupported Pythons.
  --use-feature <feature>     Enable new
                              functionality, that
                              may be backward
                              incompatible.
  --use-deprecated <feature>  Enable deprecated
                              functionality, that
                              will be removed in the
                              future.
ITINF24/lektion6
$ ITINF24/lektion6
$ /bin/python3 /shared/kent/Documents/nackademin/python/py-live/ITINF24/lektion6/pythonpath.py
sys.path ['/shared/kent/Documents/nackademin/python/py-live/ITINF24/lektion6', '/usr/lib/python311.zip', '/usr/lib/python3.11', '/usr/lib/python3.11/lib-dynload', '/usr/local/lib/python3.11/dist-packages', '/usr/lib/python3/dist-packages', '/usr/lib/python3.11/dist-packages']
ITINF24/lektion6
$ ITINF24/lektion6
$ /bin/python3 /shared/kent/Documents/nackademin/python/py-live/ITINF24/lektion6/pythonpath.py


sys.path ['/shared/kent/Documents/nackademin/python/py-live/ITINF24/lektion6', '/usr/lib/python311.zip', '/usr/lib/python3.11', '/usr/lib/python3.11/lib-dynload', '/usr/local/lib/python3.11/dist-packages', '/usr/lib/python3/dist-packages', '/usr/lib/python3.11/dist-packages']
ITINF24/lektion6
$ ITINF24/lektion6
$ export PYTHONPAT







echo ¤$PYTHONPATH

ITINF24/lektion6
$ echo $PYTHONPATH







^C
ITINF24/lektion6
$ ITINF24/lektion6
$ export PYTHONPATH:sys.path ['/shared/kent/Documents/nackademin/python/py-live/ITINF24/lektion6', '/usr/lib/python311.zip', '/usr/lib/python3.11', '/usr/lib/python3.11/lib-dynload', '/usr/local/lib/python3.11/dist-packages', '/usr/lib/python3/dist-packages', '/usr/lib/python3.11/dist-packages']sys.path ['/shared/kent/Documents/nackademin/python/py-live/ITINF24/lektion6', '/usr/lib/python311.zip', '/usr/lib/python3.11', '/usr/lib/python3.11/lib-dynload', '/usr/local/lib/python3.11/dist-packages', '/usr/lib/python3/dist-packages', '/usr/lib/python3.11/dist-packages



/shared/kent/Documents/nackademin/python/py-live/ITINF24/lektion6
/shared/kent/Documents/nackademin/python/py-live/ITINF24/lektion1
bash: export: `PYTHO/shared/kent/Documents/nackademin/python/py-live/ITINF24/lektion1': not a valid identifier
ITINF24/lektion6
N PYTHO/shared/kent/Documents/nackademin/python/py-live/ITINF24/lektion1P PYTHO/shared/kent/Documents/nackademin/python/py-live/ITINF24/lektion1A PYTHO/shared/kent/Documents/nackademin/python/py-live/ITINF24/lektion1T PYTHO/shared/kent/Documents/nackademin/python/py-live/ITINF24/lektion1H PYTHO/shared/kent/Documents/nackademin/python/py-live/ITINF24/lektion1= PYTHO/shared/kent/Documents/nackademin/python/py-live/ITINF24/lektion1/shared/kent/Documents/nackademin/python/py-live/ITINF24/lektion1/shared/kent/Documents/nackademin/python/py-live/ITINF24/lektion1/shared/kent/Documents/nackademin/python/py-live/ITINF24/lektion1/shared/kent/Documents/nackademin/python/py-live/ITINF24/lektion1/shared/kent/Documents/nackademin/python/py-live/ITINF24/lektion1/shared/kent/Documents/nackademin/python/py-live/ITINF24/lektion1

ITINF24/lektion6
$ ITINF24/lektion6
$ echo $PYT
H
TH






exportNPATH=/shared/kent/Documents/nackademin/python/py-live/ITINF24/lektion1







ITINF24/lektion6
$ /bin/python3 /shared/kent/Documents/nackademin/python/py-live/ITINF24/lektion6/pythonpath.py


sys.path ['/shared/kent/Documents/nackademin/python/py-live/ITINF24/lektion6', '/usr/lib/python311.zip', '/usr/lib/python3.11', '/usr/lib/python3.11/lib-dynload', '/usr/local/lib/python3.11/dist-packages', '/usr/lib/python3/dist-packages', '/usr/lib/python3.11/dist-packages']
ITINF24/lektion6
$ echo ¤$PYTH
ONPATH

ITINF24/lektion6
tNPATH=/shared/kent/Documents/nackademin/python/py-live/ITINF24/lektion1tNPATH=/shared/kent/Documents/nackademin/python/py-live/ITINF24/lektion1tNPATH=/shared/kent/Documents/nackademin/python/py-live/ITINF24/lektion1tNPATH=/shared/kent/Documents/nackademin/python/py-live/ITINF24/lektion1tNPATH=/shared/kent/Documents/nackademin/python/py-live/ITINF24/lektion1 tNPATH=/shared/kent/Documents/nackademin/python/py-live/ITINF24/lektion1PtNPATH=/shared/kent/Documents/nackademin/python/py-live/ITINF24/lektion1YtNPATH=/shared/kent/Documents/nackademin/python/py-live/ITINF24/lektion1TtNPATH=/shared/kent/Documents/nackademin/python/py-live/ITINF24/lektion1HtNPATH=/shared/kent/Documents/nackademin/python/py-live/ITINF24/lektion1OtNPATH=/shared/kent/Documents/nackademin/python/py-live/ITINF24/lektion1NtNPATH=/shared/kent/Documents/nackademin/python/py-live/ITINF24/lektion1PATH=/shared/kent/Documents/nackademin/python/py-live/ITINF24/lektion1PATH=/shared/kent/Documents/nackademin/python/py-live/ITINF24/lektion1

ITINF24/lektion6
$ echo $PYTHONPATH/
/shared/kent/Documents/nackademin/python/py-live/ITINF24/lektion1/
ITINF24/lektion6
echo $PYTHONPATHred/kent/Documents/nackademin/python/py-live/ITINF24/lektion1
 PYTHONPATH=/shared/kent/Documents/nackademin/python/py-live/ITINF24/lektion1
